mpu_data_type.hpp:59:8:ftoa	56	static
mpu_data_type.hpp:197:7:invSqrt	32	static
mpu9250.hpp:139:16:wait_for_gpio_state_timeout	32	static,ignoring_inline_asm
mpu9250.hpp:164:6:init_MPU	64	static
mpu9250.hpp:274:6:adding_raw	8	static
mpu9250.hpp:283:6:delete_raw	4	static
mpu9250.hpp:294:10:process_MPU	80	static
mpu9250.hpp:353:10:magnet_get_raw	64	static
mpu9250.hpp:378:10:process_magnet	88	static
mpu9250.hpp:413:13:complementary_filter	56	static
mpu9250.hpp:442:13:quat2euler	88	static
mpu9250.hpp:478:16:calibration_IMU	120	static
print_func.hpp:12:6:float2Bytes	24	static
print_func.hpp:23:7:bytes2Float	24	static
print_func.hpp:35:6:print_raw	24	static
print_func.hpp:75:6:print_euler	40	static
print_func.hpp:103:6:print_raw_mag	24	static
print_func.hpp:144:6:print_magnet	40	static
print_func.hpp:158:6:print_every_thing	24	static
print_func.hpp:186:6:print_msg	16	static
print_func.hpp:190:6:print_euler_compare	48	static
print_func.hpp:284:6:cpstr	32	static
print_func.hpp:294:10:sum_array	24	static
PID.h:10:6:Motor1	16	static
PID.h:23:6:Motor2	16	static
PID.h:38:6:PID	32	static
PID.h:56:5:round_pid	24	static
PID.h:99:9:convert	56	static
PID.h:119:9:pid_decode	56	static
main.c:80:6:HAL_ADC_ConvCpltCallback	16	static
main.c:89:6:HAL_TIM_PeriodElapsedCallback	48	static
main.c:113:5:main	56	static
main.c:190:6:SystemClock_Config	88	static
main.c:236:13:MX_ADC1_Init	24	static
main.c:305:13:MX_I2C1_Init	8	static
main.c:339:13:MX_TIM1_Init	96	static
main.c:418:13:MX_TIM4_Init	32	static
main.c:463:13:MX_USART3_UART_Init	8	static
main.c:494:13:MX_DMA_Init	16	static
main.c:512:13:MX_GPIO_Init	40	static
main.c:565:6:Error_Handler	4	static
